// Jest Snapshot v1, https://goo.gl/fbAQLP

exports[` 1`] = `
<button
  className="button"
  data-testid="button"
>
  Save Me
</button>
`;
